// Jest Snapshot v1, https://goo.gl/fbAQLP

exports[`Integration test 1`] = `
"function FixturesFooBarBazOverview() {
  return import(
    /* webpackChunkName: \\"fixtures-foo-bar-baz-overview\\" */ '@/assets/fixtures/foo/bar/baz/overview.md'
  )
}
function FixturesFooFooBar() {
  return import(
    /* webpackChunkName: \\"fixtures-foo-foo-bar\\" */ '@/assets/fixtures/foo/foo-bar.md'
  )
}
function FixturesFooIndex() {
  return import(
    /* webpackChunkName: \\"fixtures-foo-index\\" */ '@/assets/fixtures/foo/index.md'
  )
}
function FixturesIndex() {
  return import(
    /* webpackChunkName: \\"fixtures-index\\" */ '@/assets/fixtures/index.md'
  )
}
function FixturesMeta() {
  return import(
    /* webpackChunkName: \\"fixtures-meta\\" */ '@/assets/fixtures/meta.md'
  )
}

export default {
  name: 'fixtures',
  path: '/fixtures',
  redirect: { name: 'fixtures-index' },
  children: [
    {
      name: 'fixtures-foo',
      path: '/fixtures/foo',
      redirect: { name: 'fixtures-foo-index' },
      children: [
        {
          name: 'fixtures-foo-bar',
          path: '/fixtures/foo/bar',
          redirect: { name: 'fixtures-foo-bar-baz' },
          children: [
            {
              name: 'fixtures-foo-bar-baz',
              path: '/fixtures/foo/bar/baz',
              redirect: { name: 'fixtures-foo-bar-baz-overview' },
              children: [
                {
                  name: 'fixtures-foo-bar-baz-overview',
                  path: '/fixtures/foo/bar/baz/overview',
                  component: FixturesFooBarBazOverview
                }
              ]
            }
          ]
        },
        {
          name: 'fixtures-foo-foo-bar',
          path: '/fixtures/foo/foo-bar',
          component: FixturesFooFooBar
        },
        {
          name: 'fixtures-foo-index',
          path: '/fixtures/foo',
          component: FixturesFooIndex
        }
      ]
    },
    {
      name: 'fixtures-index',
      path: '/fixtures',
      component: FixturesIndex
    },
    {
      name: 'fixtures-meta',
      path: '/fixtures/meta',
      component: FixturesMeta
    }
  ]
}
"
`;
