// Jest Snapshot v1, https://goo.gl/fbAQLP

exports[`Integration test 1`] = `
"function FooBarBazOverview() {
  return import(
    /* webpackChunkName: \\"foo-bar-baz-overview\\" */ '@/assets/foo/bar/baz/overview.md'
  )
}
function FooFooBar() {
  return import(/* webpackChunkName: \\"foo-foo-bar\\" */ '@/assets/foo/foo-bar.md')
}
function FooIndex() {
  return import(/* webpackChunkName: \\"foo-index\\" */ '@/assets/foo/index.md')
}

function BarIndex() {
  return import(/* webpackChunkName: \\"bar-index\\" */ '@/assets/bar/index.md')
}
function BarMeta() {
  return import(/* webpackChunkName: \\"bar-meta\\" */ '@/assets/bar/meta.md')
}

export default [
  {
    name: 'foo',
    path: '/foo',
    redirect: { name: 'foo-index' },
    children: [
      {
        name: 'foo-bar',
        path: '/foo/bar',
        redirect: { name: 'foo-bar-baz' },
        children: [
          {
            name: 'foo-bar-baz',
            path: '/foo/bar/baz',
            redirect: { name: 'foo-bar-baz-overview' },
            children: [
              {
                name: 'foo-bar-baz-overview',
                path: '/foo/bar/baz/overview',
                component: FooBarBazOverview
              }
            ]
          }
        ]
      },
      {
        name: 'foo-foo-bar',
        path: '/foo/foo-bar',
        component: FooFooBar
      },
      {
        name: 'foo-index',
        path: '/foo',
        component: FooIndex
      }
    ]
  },
  {
    name: 'bar',
    path: '/bar',
    redirect: { name: 'bar-index' },
    children: [
      {
        name: 'bar-index',
        path: '/bar',
        component: BarIndex
      },
      {
        name: 'bar-meta',
        path: '/bar/meta',
        component: BarMeta
      }
    ]
  }
]
"
`;
