// Jest Snapshot v1, https://goo.gl/fbAQLP

exports[`Route resolution resolves route meta 1`] = `
Object {
  "value": Object {
    "component": "@/assets/meta.md",
    "name": "meta",
    "path": "/meta",
    "pathSegments": Array [
      "meta",
    ],
    "routeMeta": Object {
      "title": "Hello",
    },
    "specifier": "Meta",
  },
}
`;

exports[`Route resolution resolves routes 1`] = `
Object {
  "children": Array [
    Object {
      "value": Object {
        "component": "@/assets/guides/foo.md",
        "name": "guides-foo",
        "path": "/guides/foo",
        "pathSegments": Array [
          "guides",
          "foo",
        ],
        "specifier": "GuidesFoo",
      },
    },
    Object {
      "value": Object {
        "component": "@/assets/guides/bar.md",
        "name": "guides-bar",
        "path": "/guides/bar",
        "pathSegments": Array [
          "guides",
          "bar",
        ],
        "specifier": "GuidesBar",
      },
    },
    Object {
      "value": Object {
        "component": "@/assets/guides/baz.md",
        "name": "guides-baz",
        "path": "/guides/baz",
        "pathSegments": Array [
          "guides",
          "baz",
        ],
        "specifier": "GuidesBaz",
      },
    },
  ],
  "value": Object {
    "component": null,
    "name": "guides",
    "path": "/guides",
    "pathSegments": Array [
      "guides",
    ],
    "specifier": "Guides",
  },
}
`;
